20:57:07 | INFO | ======================================================================
20:57:07 | INFO | ExplainPhish pipeline - format: Excel
20:57:07 | INFO | ======================================================================
20:57:08 | INFO | Loaded Excel_Top10_Features.csv: 20000 rows x 12 columns
20:57:08 | INFO | Label column detected: 'label'
20:57:08 | INFO | Label distribution after normalisation: {0: 10000, 1: 10000} (0=Benign, 1=Malicious)
20:57:08 | INFO | Exact duplicate rows removed: 0
20:57:08 | INFO | Duplicate feature rows removed: 7976
20:57:08 | INFO | Missing cells: 0 in 0 columns
20:57:08 | INFO | Constant columns removed: []
20:57:08 | WARNING | Possible leakage: macro_chr_count (single-feature AUC = 0.98897) -> REMOVED
20:57:08 | WARNING | Possible leakage: macro_vocab_size (single-feature AUC = 0.98127)
20:57:08 | WARNING | Possible leakage: macro_token_count (single-feature AUC = 0.98127)
20:57:08 | INFO | Columns containing IQR outliers (kept, see suspicious_outliers.csv): 8
20:57:08 | INFO | Stabilization finished: 20000 -> 12024 rows, 12 -> 9 feature columns
20:57:08 | INFO | Original class distribution: Benign=10000 (83.17%), Malicious=2024 (16.83%)
20:57:08 | INFO | Not balanced -> undersampled majority class to 2024 rows.
20:57:08 | INFO | Final class distribution: Benign=2024, Malicious=2024
20:57:08 | INFO | Split: train=2428, test=1620 (test set is untouched until final evaluation)
20:57:08 | INFO | Feature selection mode B: ranking 9 features on TRAINING data, keeping top 9.
20:57:08 | INFO | Selected features: ['entropy_of_text', 'macro_vocab_size', 'macro_max_line_length', 'macro_token_count', 'macro_arithmetic_operator_count', 'numeric_cell_count', 'string_cell_count', 'remote_template_present', 'avg_cell_length']
20:57:08 | INFO | --- XGBoost ---
20:57:14 | INFO |   best params for xgb: {'learning_rate': 0.05, 'max_depth': 3, 'n_estimators': 200}
20:57:14 | INFO |   5-fold CV F1 = 0.9984 +/- 0.0015
20:57:14 | INFO |   TEST: acc=0.9994 recall=1.0000 FPR=0.0012 AUC=1.0000
20:57:17 | INFO |   SHAP outputs saved for xgb
20:57:17 | INFO | --- Random Forest ---
20:57:38 | INFO |   best params for rf: {'max_depth': None, 'n_estimators': 200}
20:57:42 | INFO |   5-fold CV F1 = 0.9988 +/- 0.001
20:57:43 | INFO |   TEST: acc=0.9988 recall=1.0000 FPR=0.0025 AUC=1.0000
20:57:47 | INFO |   SHAP outputs saved for rf
20:57:47 | INFO | --- Decision Tree ---
20:57:48 | INFO |   best params for dt: {'max_depth': 5, 'min_samples_leaf': 1}
20:57:48 | INFO |   5-fold CV F1 = 0.9979 +/- 0.0
20:57:48 | INFO |   TEST: acc=0.9981 recall=1.0000 FPR=0.0037 AUC=1.0000
20:57:52 | INFO |   SHAP outputs saved for dt
20:57:52 | INFO | Finished Excel in 44.428s. Results: D:\codingProject\ExplainPhish\ExplainPhishModel\results\excel
