09:47:33 | INFO | ======================================================================
09:47:33 | INFO | ExplainPhish pipeline - format: HTML
09:47:33 | INFO | ======================================================================
09:47:34 | INFO | Loaded HTML_All_Features.csv: 19997 rows x 42 columns
09:47:34 | INFO | Label column detected: 'label'
09:47:34 | INFO | Label distribution after normalisation: {0: 9998, 1: 9999} (0=Benign, 1=Malicious)
09:47:34 | INFO | Exact duplicate rows preserved (0 duplicates) - using original dataset
09:47:34 | INFO | Duplicate feature rows removed: 4581
09:47:34 | WARNING | 12 rows share identical features but have different labels.
09:47:34 | INFO | Missing values handled by median imputation (fitted on training set)
09:47:34 | INFO | Missing cells: 0 in 0 columns
09:47:34 | INFO | Constant columns removed: []
09:47:34 | INFO | Columns containing IQR outliers (kept, see suspicious_outliers.csv): 32
09:47:34 | INFO | Stabilization finished: 19997 -> 15404 rows, 42 -> 40 feature columns
09:47:34 | INFO | Original class distribution: Benign=9619 (62.44%), Malicious=5785 (37.56%)
09:47:34 | INFO | Not balanced -> undersampled majority class to 5785 rows.
09:47:34 | INFO | Final class distribution: Benign=5785, Malicious=5785
09:47:34 | INFO | Split: train=6942, test=4628 (test set is untouched until final evaluation)
09:47:34 | INFO | ============================================================
09:47:34 | INFO | [HTML] Running Shortcut & Leakage Audit on TRAIN only (6942 rows)
09:47:34 | INFO | ============================================================
09:47:36 | INFO |   Shortcut audit saved to D:\codingProject\ExplainPhish\ExplainPhishModel\results\html\shortcut_audit.json and .csv
09:47:36 | INFO | Feature selection mode B: ranking 40 features on TRAINING data, keeping top 13.
09:47:37 | INFO | Selected features: ['url_punct_char_count', 'tag_count', 'embedded_js_count', 'external_links_count', 'external_link_count', 'whitespace_ratio', 'keywords_to_words_ratio', 'internal_link_count', 'script_entropy', 'form_count', 'min_link_length', 'script_count', 'unique_tag_count']
09:47:37 | INFO | --- MODEL PARAMETERS ---
09:47:37 | INFO | 
09:47:37 | INFO | XGBoost:
09:47:37 | INFO | n_estimators=300
09:47:37 | INFO | max_depth=5
09:47:37 | INFO | learning_rate=0.06
09:47:37 | INFO | subsample=0.85
09:47:37 | INFO | colsample_bytree=0.8
09:47:37 | INFO | min_child_weight=3
09:47:37 | INFO | reg_alpha=0.1
09:47:37 | INFO | reg_lambda=1.5
09:47:37 | INFO | 
09:47:37 | INFO | Random Forest:
09:47:37 | INFO | n_estimators=300
09:47:37 | INFO | max_depth=12
09:47:37 | INFO | min_samples_leaf=2
09:47:37 | INFO | min_samples_split=10
09:47:37 | INFO | max_features=sqrt
09:47:37 | INFO | 
09:47:37 | INFO | Decision Tree:
09:47:37 | INFO | max_depth=7
09:47:37 | INFO | min_samples_leaf=10
09:47:37 | INFO | min_samples_split=20
09:47:37 | INFO | 
09:47:37 | INFO | --- XGBoost ---
09:47:39 | INFO |   5-fold CV F1 = 0.8799 +/- 0.0068
09:47:39 | INFO |   TEST: acc=0.8825 recall=0.8751 FPR=0.1102 AUC=0.9528
09:47:43 | INFO |   SHAP outputs saved for xgb
09:47:43 | INFO | --- Random Forest ---
09:47:47 | INFO |   5-fold CV F1 = 0.8804 +/- 0.0123
09:47:47 | INFO |   TEST: acc=0.8773 recall=0.8747 FPR=0.1201 AUC=0.9498
09:48:15 | INFO |   SHAP outputs saved for rf
09:48:15 | INFO | --- Decision Tree ---
09:48:15 | INFO |   5-fold CV F1 = 0.8378 +/- 0.007
09:48:15 | INFO |   TEST: acc=0.8440 recall=0.8630 FPR=0.1750 AUC=0.9085
09:48:17 | INFO |   SHAP outputs saved for dt
09:48:17 | INFO | Ensemble Diversity: mean disagreement = 7.25%, all models wrong = 384
09:48:17 | INFO | Finished HTML in 43.826s. Results: D:\codingProject\ExplainPhish\ExplainPhishModel\results\html
