09:41:14 | INFO | ======================================================================
09:41:14 | INFO | Running Ablation Experiments for HTML
09:41:14 | INFO | ======================================================================
09:41:14 | INFO | Loaded HTML_All_Features.csv: 19997 rows x 42 columns
09:41:14 | INFO | Label column detected: 'label'
09:41:14 | INFO | Label distribution after normalisation: {0: 9998, 1: 9999} (0=Benign, 1=Malicious)
09:41:14 | INFO | Exact duplicate rows preserved (0 duplicates) - using original dataset
09:41:14 | INFO | Duplicate feature rows removed: 4581
09:41:14 | WARNING | 12 rows share identical features but have different labels.
09:41:14 | INFO | Missing values handled by median imputation (fitted on training set)
09:41:14 | INFO | Missing cells: 0 in 0 columns
09:41:14 | INFO | Constant columns removed: []
09:41:15 | INFO | Columns containing IQR outliers (kept, see suspicious_outliers.csv): 32
09:41:15 | INFO | Stabilization finished: 19997 -> 15404 rows, 42 -> 40 feature columns
09:41:15 | INFO | Original class distribution: Benign=9619 (62.44%), Malicious=5785 (37.56%)
09:41:15 | INFO | Not balanced -> undersampled majority class to 5785 rows.
09:41:15 | INFO | Final class distribution: Benign=5785, Malicious=5785
09:41:15 | INFO | ============================================================
09:41:15 | INFO | [HTML] Running Shortcut & Leakage Audit on TRAIN only (6942 rows)
09:41:15 | INFO | ============================================================
09:41:16 | INFO |   Shortcut audit saved to D:\codingProject\ExplainPhish\ExplainPhishModel\results\html\shortcut_audit.json and .csv
09:41:16 | INFO | Total cleaned features available: 40
09:41:16 | INFO | Matched macro/OLE/DDE features (0): []
09:41:16 | INFO | Matched format proxy features (2): ['file_size', 'entropy']
09:41:16 | INFO | Audit-flagged high-risk features (0): []
09:41:16 | INFO | Variant b skipped: no macro/OLE features found or < 3 features remaining.
09:41:16 | INFO | Variant e skipped: < 3 features remain (40 left) or no features flagged by audit.
09:41:16 | INFO | --- Evaluating Variant: a_baseline (40 features) ---
09:41:24 | INFO | --- Evaluating Variant: c_without_format_proxies (38 features) ---
09:41:32 | INFO | --- Evaluating Variant: d_without_macro_and_proxies (38 features) ---
09:41:39 | INFO | Saved ablation results to: D:\codingProject\ExplainPhish\ExplainPhishModel\results\html\ablation.csv
